// Jest Snapshot v1, https://goo.gl/fbAQLP

exports[`with args 1`] = `
"'use strict';

var _reactIntl = require('react-intl');

(0, _reactIntl.defineMessages)({
  hello: {
    'id': 'with-args/hello',
    'defaultMessage': 'hello'
  },
  world: {
    'id': 'with-args/world',
    'defaultMessage': 'hello world'
  }
});"
`;
