// Jest Snapshot v1, https://goo.gl/fbAQLP

exports[`import as 1`] = `
"'use strict';

var _reactIntl = require('react-intl');

(0, _reactIntl.defineMessages)({
  hello: {
    defaultMessage: 'hello',
    'id': 'test/import-as/hello'
  },
  world: {
    defaultMessage: 'hello world',
    'id': 'test/import-as/world'
  }
});"
`;
