// Jest Snapshot v1, https://goo.gl/fbAQLP

exports[`other 1`] = `
"'use strict';

var _reactIntl = require('react-intl');

(0, _reactIntl.defineMessages)({
  hello: {
    'id': 'test/other/hello',
    'defaultMessage': 'hello'
  },
  world: {
    'id': 'test/other/world',
    'defaultMessage': \`hello world \${1}\`
  }
});

hello({
  id: 'hoge'
});"
`;
